<html>
<body>
<pre>
<h1>µVision Build Log</h1>
<h2>Tool Versions:</h2>
IDE-Version: ¦ÌVision V5.16a
Copyright (C) 2015 ARM Ltd and ARM Germany GmbH. All rights reserved.
License Information: T Z, SCAU, LIC=MGXHL-0P6V5-HR8XN-Y0M0Q-CNL08-17AFQ
 
Tool Versions:
Toolchain:       MDK-ARM Professional  Version: 5.16a
Toolchain Path:  C:\Keil_v5\ARM\ARMCC\Bin
C Compiler:      Armcc.exe V5.06 (build 20)
Assembler:       Armasm.exe V5.06 (build 20)
Linker/Locator:  ArmLink.exe V5.06 (build 20)
Library Manager: ArmAr.exe V5.06 (build 20)
Hex Converter:   FromElf.exe V5.06 (build 20)
CPU DLL:         SARMCM3.DLL V5.16a
Dialog DLL:      DCM.DLL V1.13.2.0
Target DLL:      Segger\JL2CM3.dll V2.99.15.2
Dialog DLL:      TCM.DLL V1.14.5.0
 
<h2>Project:</h2>
C:\Users\wintao\Desktop\EES408\LibManager\stm32-mfrc522\stm32-mfrc522.uvprojx
Project File Date:  11/26/2016

<h2>Output:</h2>
*** Using Compiler 'V5.06 (build 20)', folder: 'C:\Keil_v5\ARM\ARMCC\Bin'
Build target 'Target 1'
compiling main.c...
delay.h(8): warning:  #1-D: last line of file ends without a newline
  #endif
main.c(12): warning:  #177-D: variable "r" was declared but never referenced
  	char r,i;
main.c(12): warning:  #177-D: variable "i" was declared but never referenced
  	char r,i;
main.c: 3 warnings, 0 errors
compiling pcd.c...
pcd.c(5): warning:  #223-D: function "delay_ms" declared implicitly
  	delay_ms(2);
pcd.c(60): warning:  #223-D: function "delay_ms" declared implicitly
  	delay_ms(50);
pcd.c(66): warning:  #68-D: integer conversion resulted in a change of sign
  		return 
CD_ERR;
pcd.c(74): warning:  #68-D: integer conversion resulted in a change of sign
  		return 
CD_ERR;
pcd.c(82): warning:  #68-D: integer conversion resulted in a change of sign
  		return 
CD_ERR;
pcd.c(90): warning:  #68-D: integer conversion resulted in a change of sign
  		return 
CD_ERR;
pcd.c(98): warning:  #68-D: integer conversion resulted in a change of sign
  		return 
CD_ERR;
pcd.c(106): warning:  #68-D: integer conversion resulted in a change of sign
  		return 
CD_ERR;
pcd.c(55): warning:  #177-D: variable "i" was declared but never referenced
  	int i;
pcd.c: 9 warnings, 0 errors
linking...
Program Size: Code=3400 RO-data=308 RW-data=28 ZI-data=1636  
".\Objects\stm32-mfrc522.axf" - 0 Error(s), 12 Warning(s).

<h2>Software Packages used:</h2>

Package Vendor: ARM
                http://www.keil.com/pack/ARM.CMSIS.4.3.0.pack
                ARM::CMSIS:CORE:4.1.0
                CMSIS (Cortex Microcontroller Software Interface Standard)
   * Component: CORE Version: 4.1.0

Package Vendor: Keil
                http://www.keil.com/pack/Keil.STM32F1xx_DFP.2.1.0.pack
                Keil::Device:StdPeriph Drivers:Framework:3.5.1
                STMicroelectronics STM32F1 Series Device Support, Drivers and Examples
   * Component: Framework Version: 3.5.1
   * Component: Startup Version: 1.0.0
   * Component: SPI Version: 3.5.0
   * Component: RCC Version: 3.5.0
   * Component: USART Version: 3.5.0
   * Component: GPIO Version: 3.5.0

<h2>Collection of Component include folders:</h2>
  C:\Users\wintao\Desktop\EES408\LibManager\stm32-mfrc522\RTE
  C:\Users\wintao\Desktop\EES408\LibManager\stm32-mfrc522\RTE\Device\STM32F103C8
  C:\Keil_v5\ARM\PACK\ARM\CMSIS\4.3.0\CMSIS\Include
  C:\Keil_v5\ARM\PACK\Keil\STM32F1xx_DFP\2.1.0\Device\Include
  C:\Keil_v5\ARM\PACK\Keil\STM32F1xx_DFP\2.1.0\Device\StdPeriph_Driver\inc

<h2>Collection of Component Files used:</h2>

   * Component: ARM::CMSIS:CORE:4.1.0

   * Component: Keil::Device:StdPeriph Drivers:Framework:3.5.1
      Source file:   Device\StdPeriph_Driver\src\misc.c
      Include file:  Device\StdPeriph_Driver\inc\misc.h
      Include file:  Device\StdPeriph_Driver\templates\stm32f10x_it.h
      Source file:   Device\StdPeriph_Driver\templates\stm32f10x_conf.h
      Source file:   Device\StdPeriph_Driver\templates\stm32f10x_it.c

   * Component: Keil::Device:Startup:1.0.0
      Include file:  RTE_Driver\Config\RTE_Device.h
      Source file:   Device\Source\system_stm32f10x.c
      Source file:   Device\Source\ARM\startup_stm32f10x_md.s
      Source file:   Device\Source\ARM\STM32F1xx_OPT.s

   * Component: Keil::Device:StdPeriph Drivers:SPI:3.5.0
      Include file:  Device\StdPeriph_Driver\inc\stm32f10x_spi.h
      Source file:   Device\StdPeriph_Driver\src\stm32f10x_spi.c

   * Component: Keil::Device:StdPeriph Drivers:RCC:3.5.0
      Source file:   Device\StdPeriph_Driver\src\stm32f10x_rcc.c
      Include file:  Device\StdPeriph_Driver\inc\stm32f10x_rcc.h

   * Component: Keil::Device:StdPeriph Drivers:USART:3.5.0
      Include file:  Device\StdPeriph_Driver\inc\stm32f10x_usart.h
      Source file:   Device\StdPeriph_Driver\src\stm32f10x_usart.c

   * Component: Keil::Device:StdPeriph Drivers:GPIO:3.5.0
      Include file:  Device\StdPeriph_Driver\inc\stm32f10x_gpio.h
      Source file:   Device\StdPeriph_Driver\src\stm32f10x_gpio.c
Build Time Elapsed:  00:00:01
</pre>
</body>
</html>
